// Jest Snapshot v1, https://goo.gl/fbAQLP

exports[`snapshot renders correctly 1`] = `
<div
  className="CalenderAndReminder"
>
  <div
    className="CalenderAndReminder_header"
  >
    <div
      id="DatePicker"
    >
      DatePicker
    </div>
    <a
      href="/edit_reminder"
      onClick={[Function]}
    >
      <svg
        className="icon"
        height="200"
        viewBox="0 0 1024 1024"
        width="200"
        xmlns="http://www.w3.org/2000/svg"
      >
        <title
          id="add_reminder"
        >
          ADD_REMINDER
        </title>
        <path
          d="M553.984 384l0 128 128 0 0 86.016-128 0 0 128-84.010667 0 0-128-128 0 0-86.016 128 0 0-128 84.010667 0zM512 854.016q123.989333 0 210.986667-88.021333t86.997333-212.010667-86.997333-210.986667-210.986667-86.997333-210.986667 86.997333-86.997333 210.986667 86.997333 212.010667 210.986667 88.021333zM512 169.984q160 0 272 112.981333t112 271.018667-112 271.018667-272 112.981333-272-112.981333-112-271.018667 112-271.018667 272-112.981333zM937.984 244.010667l-54.016 66.005333-196.010667-166.016 54.016-64zM336 144l-196.010667 164.010667-54.016-64 196.010667-164.010667z"
        />
      </svg>
    </a>
  </div>
  <div
    className="calender"
  >
    <p
      className="calender__weekday"
    >
      Sun
    </p>
    <p
      className="calender__weekday"
    >
      Mon
    </p>
    <p
      className="calender__weekday"
    >
      Tue
    </p>
    <p
      className="calender__weekday"
    >
      Wed
    </p>
    <p
      className="calender__weekday"
    >
      Thu
    </p>
    <p
      className="calender__weekday"
    >
      Fri
    </p>
    <p
      className="calender__weekday"
    >
      Sat
    </p>
    <div />
    <div />
    <div />
    <div />
    <div />
    <div
      className="Calender_CalenderCell__notPicked"
    >
      <button
        className="Button"
        disabled={null}
        id={1}
        onClick={[Function]}
        type="button"
      >
        1
      </button>
    </div>
    <div
      className="Calender_CalenderCell__notPicked"
    >
      <button
        className="Button"
        disabled={null}
        id={2}
        onClick={[Function]}
        type="button"
      >
        2
      </button>
    </div>
    <div
      className="Calender_CalenderCell__notPicked"
    >
      <button
        className="Button"
        disabled={null}
        id={3}
        onClick={[Function]}
        type="button"
      >
        3
      </button>
    </div>
    <div
      className="Calender_CalenderCell__notPicked"
    >
      <button
        className="Button"
        disabled={null}
        id={4}
        onClick={[Function]}
        type="button"
      >
        4
      </button>
    </div>
    <div
      className="Calender_CalenderCell__notPicked"
    >
      <button
        className="Button"
        disabled={null}
        id={5}
        onClick={[Function]}
        type="button"
      >
        5
      </button>
    </div>
    <div
      className="Calender_CalenderCell__notPicked"
    >
      <button
        className="Button"
        disabled={null}
        id={6}
        onClick={[Function]}
        type="button"
      >
        6
      </button>
    </div>
    <div
      className="Calender_CalenderCell__notPicked"
    >
      <button
        className="Button"
        disabled={null}
        id={7}
        onClick={[Function]}
        type="button"
      >
        7
      </button>
    </div>
    <div
      className="Calender_CalenderCell__notPicked"
    >
      <button
        className="Button"
        disabled={null}
        id={8}
        onClick={[Function]}
        type="button"
      >
        8
      </button>
    </div>
    <div
      className="Calender_CalenderCell__notPicked"
    >
      <button
        className="Button"
        disabled={null}
        id={9}
        onClick={[Function]}
        type="button"
      >
        9
      </button>
    </div>
    <div
      className="Calender_CalenderCell__notPicked"
    >
      <button
        className="Button"
        disabled={null}
        id={10}
        onClick={[Function]}
        type="button"
      >
        10
      </button>
    </div>
    <div
      className="Calender_CalenderCell__notPicked"
    >
      <button
        className="Button"
        disabled={null}
        id={11}
        onClick={[Function]}
        type="button"
      >
        11
      </button>
    </div>
    <div
      className="Calender_CalenderCell__notPicked"
    >
      <button
        className="Button"
        disabled={null}
        id={12}
        onClick={[Function]}
        type="button"
      >
        12
      </button>
    </div>
    <div
      className="Calender_CalenderCell__notPicked"
    >
      <button
        className="Button"
        disabled={null}
        id={13}
        onClick={[Function]}
        type="button"
      >
        13
      </button>
    </div>
    <div
      className="Calender_CalenderCell__notPicked"
    >
      <button
        className="Button"
        disabled={null}
        id={14}
        onClick={[Function]}
        type="button"
      >
        14
      </button>
    </div>
    <div
      className="Calender_CalenderCell__notPicked"
    >
      <button
        className="Button"
        disabled={null}
        id={15}
        onClick={[Function]}
        type="button"
      >
        15
      </button>
    </div>
    <div
      className="Calender_CalenderCell__notPicked"
    >
      <button
        className="Button"
        disabled={null}
        id={16}
        onClick={[Function]}
        type="button"
      >
        16
      </button>
    </div>
    <div
      className="Calender_CalenderCell__notPicked"
    >
      <button
        className="Button"
        disabled={null}
        id={17}
        onClick={[Function]}
        type="button"
      >
        17
      </button>
    </div>
    <div
      className="Calender_CalenderCell__picked"
    >
      <button
        className="Button"
        disabled={null}
        id={18}
        onClick={[Function]}
        type="button"
      >
        18
      </button>
    </div>
    <div
      className="Calender_CalenderCell__notPicked"
    >
      <button
        className="Button"
        disabled={null}
        id={19}
        onClick={[Function]}
        type="button"
      >
        19
      </button>
    </div>
    <div
      className="Calender_CalenderCell__notPicked"
    >
      <button
        className="Button"
        disabled={null}
        id={20}
        onClick={[Function]}
        type="button"
      >
        20
      </button>
    </div>
    <div
      className="Calender_CalenderCell__notPicked"
    >
      <button
        className="Button"
        disabled={null}
        id={21}
        onClick={[Function]}
        type="button"
      >
        21
      </button>
    </div>
    <div
      className="Calender_CalenderCell__notPicked"
    >
      <button
        className="Button"
        disabled={null}
        id={22}
        onClick={[Function]}
        type="button"
      >
        22
      </button>
    </div>
    <div
      className="Calender_CalenderCell__notPicked"
    >
      <button
        className="Button"
        disabled={null}
        id={23}
        onClick={[Function]}
        type="button"
      >
        23
      </button>
    </div>
    <div
      className="Calender_CalenderCell__notPicked"
    >
      <button
        className="Button"
        disabled={null}
        id={24}
        onClick={[Function]}
        type="button"
      >
        24
      </button>
    </div>
    <div
      className="Calender_CalenderCell__notPicked"
    >
      <button
        className="Button"
        disabled={null}
        id={25}
        onClick={[Function]}
        type="button"
      >
        25
      </button>
    </div>
    <div
      className="Calender_CalenderCell__notPicked"
    >
      <button
        className="Button"
        disabled={null}
        id={26}
        onClick={[Function]}
        type="button"
      >
        26
      </button>
    </div>
    <div
      className="Calender_CalenderCell__notPicked"
    >
      <button
        className="Button"
        disabled={null}
        id={27}
        onClick={[Function]}
        type="button"
      >
        27
      </button>
    </div>
    <div
      className="Calender_CalenderCell__notPicked"
    >
      <button
        className="Button"
        disabled={null}
        id={28}
        onClick={[Function]}
        type="button"
      >
        28
      </button>
    </div>
    <div
      className="Calender_CalenderCell__notPicked"
    >
      <button
        className="Button"
        disabled={null}
        id={29}
        onClick={[Function]}
        type="button"
      >
        29
      </button>
    </div>
    <div
      className="Calender_CalenderCell__notPicked"
    >
      <button
        className="Button"
        disabled={null}
        id={30}
        onClick={[Function]}
        type="button"
      >
        30
      </button>
    </div>
  </div>
  <div
    id="Reminder"
  >
    Reminder
  </div>
</div>
`;
