// Jest Snapshot v1, https://goo.gl/fbAQLP

exports[`snapshot renders correctly 1`] = `
<form
  className="TimePicker"
>
  <select
    className="TimePicker_select"
    name="hour"
    onChange={[Function]}
    value="00"
  >
    <option
      value="00"
    >
      00
    </option>
    <option
      value="01"
    >
      01
    </option>
  </select>
  <p
    className="TimePicker_select"
  >
    :
  </p>
  <select
    className="TimePicker_select"
    name="minute"
    onChange={[Function]}
    value="00"
  >
    <option
      value="00"
    >
      00
    </option>
    <option
      value="01"
    >
      01
    </option>
  </select>
</form>
`;
